------------------------------------------------------------
TimeQuest Timing Analyzer Summary
------------------------------------------------------------

Type  : Slow Model Setup 'CCD_PIXCLK'
Slack : -28.847
TNS   : -534.677

Type  : Slow Model Setup 'N/C'
Slack : -5.955
TNS   : -169.663

Type  : Slow Model Setup 'vga_pll:u5|altpll:altpll_component|_clk0'
Slack : -5.421
TNS   : -126.561

Type  : Slow Model Setup 'sdram_pll:u6|altpll:altpll_component|_clk0'
Slack : -0.330
TNS   : -6.562

Type  : Slow Model Setup 'iCLK_50'
Slack : 12.169
TNS   : 0.000

Type  : Slow Model Hold 'iCLK_50'
Slack : 0.160
TNS   : 0.000

Type  : Slow Model Hold 'CCD_PIXCLK'
Slack : 0.391
TNS   : 0.000

Type  : Slow Model Hold 'sdram_pll:u6|altpll:altpll_component|_clk0'
Slack : 0.391
TNS   : 0.000

Type  : Slow Model Hold 'vga_pll:u5|altpll:altpll_component|_clk0'
Slack : 0.391
TNS   : 0.000

Type  : Slow Model Hold 'N/C'
Slack : 2.476
TNS   : 0.000

Type  : Slow Model Recovery 'CCD_PIXCLK'
Slack : -3.968
TNS   : -930.074

Type  : Slow Model Recovery 'sdram_pll:u6|altpll:altpll_component|_clk0'
Slack : 1.378
TNS   : 0.000

Type  : Slow Model Recovery 'iCLK_50'
Slack : 12.423
TNS   : 0.000

Type  : Slow Model Recovery 'vga_pll:u5|altpll:altpll_component|_clk0'
Slack : 13.280
TNS   : 0.000

Type  : Slow Model Removal 'CCD_PIXCLK'
Slack : 2.721
TNS   : 0.000

Type  : Slow Model Removal 'iCLK_50'
Slack : 2.748
TNS   : 0.000

Type  : Slow Model Removal 'sdram_pll:u6|altpll:altpll_component|_clk0'
Slack : 4.363
TNS   : 0.000

Type  : Slow Model Removal 'vga_pll:u5|altpll:altpll_component|_clk0'
Slack : 16.031
TNS   : 0.000

Type  : Slow Model Minimum Pulse Width 'sdram_pll:u6|altpll:altpll_component|_clk0'
Slack : 0.953
TNS   : 0.000

Type  : Slow Model Minimum Pulse Width 'sdram_pll:u6|altpll:altpll_component|_clk1'
Slack : 3.333
TNS   : 0.000

Type  : Slow Model Minimum Pulse Width 'oDRAM0_CLK'
Slack : 3.889
TNS   : 0.000

Type  : Slow Model Minimum Pulse Width 'CCD_PIXCLK'
Slack : 5.953
TNS   : 0.000

Type  : Slow Model Minimum Pulse Width 'iCLK_50'
Slack : 9.000
TNS   : 0.000

Type  : Slow Model Minimum Pulse Width 'iCLK_50_2'
Slack : 10.000
TNS   : 0.000

Type  : Slow Model Minimum Pulse Width 'iCLK_50_3'
Slack : 10.000
TNS   : 0.000

Type  : Slow Model Minimum Pulse Width 'vga_pll:u5|altpll:altpll_component|_clk0'
Slack : 12.873
TNS   : 0.000

Type  : Slow Model Minimum Pulse Width 'CCD_MCLK'
Slack : 37.223
TNS   : 0.000

Type  : Fast Model Setup 'CCD_PIXCLK'
Slack : -3.652
TNS   : -21.589

Type  : Fast Model Setup 'vga_pll:u5|altpll:altpll_component|_clk0'
Slack : -2.922
TNS   : -68.562

Type  : Fast Model Setup 'N/C'
Slack : -2.573
TNS   : -72.232

Type  : Fast Model Setup 'sdram_pll:u6|altpll:altpll_component|_clk0'
Slack : 0.142
TNS   : 0.000

Type  : Fast Model Setup 'iCLK_50'
Slack : 16.231
TNS   : 0.000

Type  : Fast Model Hold 'iCLK_50'
Slack : 0.209
TNS   : 0.000

Type  : Fast Model Hold 'CCD_PIXCLK'
Slack : 0.215
TNS   : 0.000

Type  : Fast Model Hold 'sdram_pll:u6|altpll:altpll_component|_clk0'
Slack : 0.215
TNS   : 0.000

Type  : Fast Model Hold 'vga_pll:u5|altpll:altpll_component|_clk0'
Slack : 0.215
TNS   : 0.000

Type  : Fast Model Hold 'N/C'
Slack : 1.240
TNS   : 0.000

Type  : Fast Model Recovery 'CCD_PIXCLK'
Slack : -2.117
TNS   : -532.420

Type  : Fast Model Recovery 'sdram_pll:u6|altpll:altpll_component|_clk0'
Slack : 2.308
TNS   : 0.000

Type  : Fast Model Recovery 'vga_pll:u5|altpll:altpll_component|_clk0'
Slack : 14.081
TNS   : 0.000

Type  : Fast Model Recovery 'iCLK_50'
Slack : 16.000
TNS   : 0.000

Type  : Fast Model Removal 'CCD_PIXCLK'
Slack : 1.673
TNS   : 0.000

Type  : Fast Model Removal 'iCLK_50'
Slack : 1.688
TNS   : 0.000

Type  : Fast Model Removal 'sdram_pll:u6|altpll:altpll_component|_clk0'
Slack : 3.913
TNS   : 0.000

Type  : Fast Model Removal 'vga_pll:u5|altpll:altpll_component|_clk0'
Slack : 15.581
TNS   : 0.000

Type  : Fast Model Minimum Pulse Width 'sdram_pll:u6|altpll:altpll_component|_clk0'
Slack : 0.953
TNS   : 0.000

Type  : Fast Model Minimum Pulse Width 'sdram_pll:u6|altpll:altpll_component|_clk1'
Slack : 3.333
TNS   : 0.000

Type  : Fast Model Minimum Pulse Width 'oDRAM0_CLK'
Slack : 3.889
TNS   : 0.000

Type  : Fast Model Minimum Pulse Width 'CCD_PIXCLK'
Slack : 5.953
TNS   : 0.000

Type  : Fast Model Minimum Pulse Width 'iCLK_50'
Slack : 9.000
TNS   : 0.000

Type  : Fast Model Minimum Pulse Width 'iCLK_50_2'
Slack : 10.000
TNS   : 0.000

Type  : Fast Model Minimum Pulse Width 'iCLK_50_3'
Slack : 10.000
TNS   : 0.000

Type  : Fast Model Minimum Pulse Width 'vga_pll:u5|altpll:altpll_component|_clk0'
Slack : 12.873
TNS   : 0.000

Type  : Fast Model Minimum Pulse Width 'CCD_MCLK'
Slack : 37.223
TNS   : 0.000

------------------------------------------------------------
