------------------------------------------------------------
TimeQuest Timing Analyzer Summary
------------------------------------------------------------

Type  : Slow Model Setup 'CCD_PIXCLK'
Slack : -28.020
TNS   : -496.440

Type  : Slow Model Setup 'N/C'
Slack : -5.653
TNS   : -168.682

Type  : Slow Model Setup 'vga_pll:u5|altpll:altpll_component|_clk0'
Slack : -5.436
TNS   : -128.824

Type  : Slow Model Setup 'sdram_pll:u6|altpll:altpll_component|_clk0'
Slack : -0.330
TNS   : -6.562

Type  : Slow Model Setup 'iCLK_50'
Slack : 15.509
TNS   : 0.000

Type  : Slow Model Hold 'iCLK_50'
Slack : 0.226
TNS   : 0.000

Type  : Slow Model Hold 'CCD_PIXCLK'
Slack : 0.391
TNS   : 0.000

Type  : Slow Model Hold 'sdram_pll:u6|altpll:altpll_component|_clk0'
Slack : 0.391
TNS   : 0.000

Type  : Slow Model Hold 'vga_pll:u5|altpll:altpll_component|_clk0'
Slack : 0.391
TNS   : 0.000

Type  : Slow Model Hold 'N/C'
Slack : 2.476
TNS   : 0.000

Type  : Slow Model Recovery 'CCD_PIXCLK'
Slack : -3.960
TNS   : -929.001

Type  : Slow Model Recovery 'sdram_pll:u6|altpll:altpll_component|_clk0'
Slack : 1.595
TNS   : 0.000

Type  : Slow Model Recovery 'iCLK_50'
Slack : 12.776
TNS   : 0.000

Type  : Slow Model Recovery 'vga_pll:u5|altpll:altpll_component|_clk0'
Slack : 13.311
TNS   : 0.000

Type  : Slow Model Removal 'iCLK_50'
Slack : 1.762
TNS   : 0.000

Type  : Slow Model Removal 'CCD_PIXCLK'
Slack : 2.721
TNS   : 0.000

Type  : Slow Model Removal 'sdram_pll:u6|altpll:altpll_component|_clk0'
Slack : 4.363
TNS   : 0.000

Type  : Slow Model Removal 'vga_pll:u5|altpll:altpll_component|_clk0'
Slack : 16.216
TNS   : 0.000

Type  : Slow Model Minimum Pulse Width 'sdram_pll:u6|altpll:altpll_component|_clk0'
Slack : 0.953
TNS   : 0.000

Type  : Slow Model Minimum Pulse Width 'sdram_pll:u6|altpll:altpll_component|_clk1'
Slack : 3.333
TNS   : 0.000

Type  : Slow Model Minimum Pulse Width 'oDRAM0_CLK'
Slack : 3.889
TNS   : 0.000

Type  : Slow Model Minimum Pulse Width 'CCD_PIXCLK'
Slack : 5.953
TNS   : 0.000

Type  : Slow Model Minimum Pulse Width 'iCLK_50'
Slack : 9.000
TNS   : 0.000

Type  : Slow Model Minimum Pulse Width 'iCLK_50_2'
Slack : 10.000
TNS   : 0.000

Type  : Slow Model Minimum Pulse Width 'iCLK_50_3'
Slack : 10.000
TNS   : 0.000

Type  : Slow Model Minimum Pulse Width 'vga_pll:u5|altpll:altpll_component|_clk0'
Slack : 12.873
TNS   : 0.000

Type  : Slow Model Minimum Pulse Width 'CCD_MCLK'
Slack : 37.223
TNS   : 0.000

Type  : Fast Model Setup 'CCD_PIXCLK'
Slack : -3.166
TNS   : -16.762

Type  : Fast Model Setup 'vga_pll:u5|altpll:altpll_component|_clk0'
Slack : -2.948
TNS   : -69.748

Type  : Fast Model Setup 'N/C'
Slack : -2.437
TNS   : -72.188

Type  : Fast Model Setup 'sdram_pll:u6|altpll:altpll_component|_clk0'
Slack : 0.142
TNS   : 0.000

Type  : Fast Model Setup 'iCLK_50'
Slack : 17.953
TNS   : 0.000

Type  : Fast Model Hold 'CCD_PIXCLK'
Slack : 0.215
TNS   : 0.000

Type  : Fast Model Hold 'iCLK_50'
Slack : 0.215
TNS   : 0.000

Type  : Fast Model Hold 'sdram_pll:u6|altpll:altpll_component|_clk0'
Slack : 0.215
TNS   : 0.000

Type  : Fast Model Hold 'vga_pll:u5|altpll:altpll_component|_clk0'
Slack : 0.215
TNS   : 0.000

Type  : Fast Model Hold 'N/C'
Slack : 1.240
TNS   : 0.000

Type  : Fast Model Recovery 'CCD_PIXCLK'
Slack : -2.112
TNS   : -531.845

Type  : Fast Model Recovery 'sdram_pll:u6|altpll:altpll_component|_clk0'
Slack : 2.415
TNS   : 0.000

Type  : Fast Model Recovery 'vga_pll:u5|altpll:altpll_component|_clk0'
Slack : 14.107
TNS   : 0.000

Type  : Fast Model Recovery 'iCLK_50'
Slack : 16.649
TNS   : 0.000

Type  : Fast Model Removal 'iCLK_50'
Slack : 1.031
TNS   : 0.000

Type  : Fast Model Removal 'CCD_PIXCLK'
Slack : 1.673
TNS   : 0.000

Type  : Fast Model Removal 'sdram_pll:u6|altpll:altpll_component|_clk0'
Slack : 3.913
TNS   : 0.000

Type  : Fast Model Removal 'vga_pll:u5|altpll:altpll_component|_clk0'
Slack : 15.665
TNS   : 0.000

Type  : Fast Model Minimum Pulse Width 'sdram_pll:u6|altpll:altpll_component|_clk0'
Slack : 0.953
TNS   : 0.000

Type  : Fast Model Minimum Pulse Width 'sdram_pll:u6|altpll:altpll_component|_clk1'
Slack : 3.333
TNS   : 0.000

Type  : Fast Model Minimum Pulse Width 'oDRAM0_CLK'
Slack : 3.889
TNS   : 0.000

Type  : Fast Model Minimum Pulse Width 'CCD_PIXCLK'
Slack : 5.953
TNS   : 0.000

Type  : Fast Model Minimum Pulse Width 'iCLK_50'
Slack : 9.000
TNS   : 0.000

Type  : Fast Model Minimum Pulse Width 'iCLK_50_2'
Slack : 10.000
TNS   : 0.000

Type  : Fast Model Minimum Pulse Width 'iCLK_50_3'
Slack : 10.000
TNS   : 0.000

Type  : Fast Model Minimum Pulse Width 'vga_pll:u5|altpll:altpll_component|_clk0'
Slack : 12.873
TNS   : 0.000

Type  : Fast Model Minimum Pulse Width 'CCD_MCLK'
Slack : 37.223
TNS   : 0.000

------------------------------------------------------------
